[2026-07-24 18:38:01] [ERROR] [pid:27604] Uncaught RuntimeException: Method [showLogin] not found on [App\Controllers\Auth\LoginController]. in D:\xampp\htdocs\support-portal\app\Core\Router.php:273
[2026-07-24 18:38:01] [ERROR] [pid:27604] Stack trace: #0 D:\xampp\htdocs\support-portal\app\Core\Router.php(181): App\Core\Router->callAction(Array, Array, Object(App\Core\Request))
#1 D:\xampp\htdocs\support-portal\app\Core\Router.php(221): App\Core\Router->App\Core\{closure}()
#2 D:\xampp\htdocs\support-portal\app\Core\Router.php(180): App\Core\Router->runMiddleware(Array, Object(App\Core\Request), Object(Closure))
#3 D:\xampp\htdocs\support-portal\app\Core\Application.php(286): App\Core\Router->dispatch(Object(App\Core\Request))
#4 D:\xampp\htdocs\support-portal\public\index.php(38): App\Core\Application->run()
#5 {main}
[2026-07-24 18:38:05] [ERROR] [pid:27604] Uncaught RuntimeException: Method [showLogin] not found on [App\Controllers\Auth\LoginController]. in D:\xampp\htdocs\support-portal\app\Core\Router.php:273
[2026-07-24 18:38:05] [ERROR] [pid:27604] Stack trace: #0 D:\xampp\htdocs\support-portal\app\Core\Router.php(181): App\Core\Router->callAction(Array, Array, Object(App\Core\Request))
#1 D:\xampp\htdocs\support-portal\app\Core\Router.php(221): App\Core\Router->App\Core\{closure}()
#2 D:\xampp\htdocs\support-portal\app\Core\Router.php(180): App\Core\Router->runMiddleware(Array, Object(App\Core\Request), Object(Closure))
#3 D:\xampp\htdocs\support-portal\app\Core\Application.php(286): App\Core\Router->dispatch(Object(App\Core\Request))
#4 D:\xampp\htdocs\support-portal\public\index.php(38): App\Core\Application->run()
#5 {main}
[2026-07-24 18:38:19] [ERROR] [pid:27604] Uncaught RuntimeException: Method [showLogin] not found on [App\Controllers\Auth\LoginController]. in D:\xampp\htdocs\support-portal\app\Core\Router.php:273
[2026-07-24 18:38:19] [ERROR] [pid:27604] Stack trace: #0 D:\xampp\htdocs\support-portal\app\Core\Router.php(181): App\Core\Router->callAction(Array, Array, Object(App\Core\Request))
#1 D:\xampp\htdocs\support-portal\app\Core\Router.php(221): App\Core\Router->App\Core\{closure}()
#2 D:\xampp\htdocs\support-portal\app\Core\Router.php(180): App\Core\Router->runMiddleware(Array, Object(App\Core\Request), Object(Closure))
#3 D:\xampp\htdocs\support-portal\app\Core\Application.php(286): App\Core\Router->dispatch(Object(App\Core\Request))
#4 D:\xampp\htdocs\support-portal\public\index.php(38): App\Core\Application->run()
#5 {main}
[2026-07-24 18:38:19] [ERROR] [pid:27604] Uncaught RuntimeException: Method [showLogin] not found on [App\Controllers\Auth\LoginController]. in D:\xampp\htdocs\support-portal\app\Core\Router.php:273
[2026-07-24 18:38:19] [ERROR] [pid:27604] Stack trace: #0 D:\xampp\htdocs\support-portal\app\Core\Router.php(181): App\Core\Router->callAction(Array, Array, Object(App\Core\Request))
#1 D:\xampp\htdocs\support-portal\app\Core\Router.php(221): App\Core\Router->App\Core\{closure}()
#2 D:\xampp\htdocs\support-portal\app\Core\Router.php(180): App\Core\Router->runMiddleware(Array, Object(App\Core\Request), Object(Closure))
#3 D:\xampp\htdocs\support-portal\app\Core\Application.php(286): App\Core\Router->dispatch(Object(App\Core\Request))
#4 D:\xampp\htdocs\support-portal\public\index.php(38): App\Core\Application->run()
#5 {main}
